
Configuration:
----------------------------------------------
requirement_list     : ../tb/maintenance_tb/req_file.csv
partial_cov          : ../sim/pc_11.csv
requirement_map_list : None
spec_cov             : ../sim/sc_11.csv
clean                : None
strictness           : 0
config               : None


SUMMARY:
----------------------------------------------
Number of compliant requirements     : 4
Number of non compliant requirements : 0
Number of non verified requirements  : 6
Number of not listed requirements    : 0
Number of passing testcases : 1
Number of failing testcases : 0
Number of not run testcases : 10


Compliant requirement(s) :
REQ_1, REQ_2, REQ_3, REQ_4, 

Not verified requirement(s) :
REQ_5, REQ_6, REQ_7, REQ_88, REQ_9, REQ_10, 

Passing testcase(s) :
TC_1, 

Not run testcase(s) :
TC_2, TC_3, TC_4, TC_4_FAIL, TC_5, TC_6, TC_7, TC_8, TC_9, TC_10, 

