
Configuration:
----------------------------------------------
requirement_list     : ../tb/maintenance_tb/sub_req_file.csv
partial_cov          : ../sim/pc_8.csv
requirement_map_list : ../tb/maintenance_tb/sub_req_map_file.csv
spec_cov             : ../sim/sc_8_0.csv
clean                : None
strictness           : 0
config               : ../tb/maintenance_tb/cfg_1_strict_0.txt


SUMMARY:
----------------------------------------------
Number of compliant requirements     : 6
Number of non compliant requirements : 0
Number of non verified requirements  : 0
Number of not listed requirements    : 0
Number of passing testcases : 1
Number of failing testcases : 0
Number of not run testcases : 1


Compliant requirement(s) :
REQ_1A, REQ_1B, REQ_2A, REQ_2B, REQ_1, REQ_2, 

Passing testcase(s) :
TC_1, 

Not run testcase(s) :
TC_2, 

