NOTE: This coverage file is only valid when the last line is 'SUMMARY, T_UART_1, PASS'
TESTCASE_NAME: T_UART_1
DELIMITER: ,

FPGA_SPEC_1,T_UART_1,PASS
FPGA_SPEC_2,T_UART_1,PASS
FPGA_SPEC_3,T_UART_1,PASS
FPGA_SPEC_4,T_UART_1,PASS
SUMMARY, T_UART_1, PASS
