NOTE: This coverage file is only valid when the last line is 'SUMMARY, T_UART_DEFAULTS, PASS'
TESTCASE_NAME: T_UART_DEFAULTS
DELIMITER: ,

FPGA_SPEC_1.a,T_UART_DEFAULTS,PASS
FPGA_SPEC_1.b,T_UART_DEFAULTS,PASS
FPGA_SPEC_1.c,T_UART_DEFAULTS,PASS
SUMMARY, T_UART_DEFAULTS, PASS
