NOTE: This coverage file is only valid when the last line is 'SUMMARY, TC_1, PASS'
TESTCASE_NAME: TC_1
DELIMITER: ,

REQ_1,TC_1,PASS
