NOTE: This coverage file is only valid when the last line is 'SUMMARY, TC_SUB_REQ_OMIT, PASS'
TESTCASE_NAME: TC_SUB_REQ_OMIT
DELIMITER: ,

UART_REQ_BR_A,TC_SUB_REQ_OMIT,PASS
UART_REQ_BR_B,TC_SUB_REQ_OMIT,PASS
UART_REQ_ODD,TC_SUB_REQ_OMIT,PASS
UART_REQ_EVEN,TC_SUB_REQ_OMIT,PASS
SUMMARY, TC_SUB_REQ_OMIT, PASS

Has been parsed by run_spec_cov.py script for total coverage