NOTE: This coverage file is only valid when the last line is 'SUMMARY, TC_5, PASS'
TESTCASE_NAME: TC_5
DELIMITER: ,

REQ_5,TC_5,FAIL
SUMMARY, TC_5, FAIL

Has been parsed by run_spec_cov.py script for total coverage