NOTE: This coverage file is only valid when the last line is 'SUMMARY, TC_7, PASS'
TESTCASE_NAME: TC_7
DELIMITER: ,

SUMMARY, TC_7, PASS

Has been parsed by run_spec_cov.py script for total coverage