NOTE: This coverage file is only valid when the last line is 'SUMMARY, TC_COND_TICKOFF, PASS'
TESTCASE_NAME: TC_COND_TICKOFF
DELIMITER: ,

REQ_COND_TICKOFF,TC_COND_TICKOFF,PASS
REQ_ALWAYS_TICKOFF,TC_COND_TICKOFF,PASS
REQ_COND_TICKOFF,TC_COND_TICKOFF,PASS
SUMMARY, TC_COND_TICKOFF, PASS

Has been parsed by run_spec_cov.py script for total coverage
