NOTE: This coverage file is only valid when the last line is 'SUMMARY, TC_ERROR_BEFORE_TC, PASS'
TESTCASE_NAME: TC_ERROR_BEFORE_TC
DELIMITER: ,

REQ_ERROR_BEFORE_TC,TC_ERROR_BEFORE_TC,FAIL
SUMMARY, TC_ERROR_BEFORE_TC, FAIL

Has been parsed by run_spec_cov.py script for total coverage
