NOTE: This coverage file is only valid when the last line is 'SUMMARY, TC_2, PASS'
TESTCASE_NAME: TC_2
DELIMITER: ,

REQ_2A,TC_2,PASS
REQ_2B,TC_2,PASS
SUMMARY, TC_2, PASS

Has been parsed by run_spec_cov.py script for total coverage
