NOTE: This coverage file is only valid when the last line is 'SUMMARY, TC_1, PASS'
TESTCASE_NAME: TC_1
DELIMITER: ,

REQ_1,TC_1,PASS
REQ_1A,TC_1,PASS
REQ_1B,TC_1,PASS
REQ_2A,TC_1,PASS
REQ_2B,TC_1,PASS
REQ_3,TC_1,PASS
REQ_4A,TC_1,PASS
REQ_4B,TC_1,PASS
REQ_5A,TC_1,FAIL
SUMMARY, TC_1, PASS

Has been parsed by run_spec_cov.py script for total coverage
