NOTE: This coverage file is only valid when the last line is 'SUMMARY, TC_2, PASS'
TESTCASE_NAME: TC_2
DELIMITER: ,

REQ_ANDOR_COMPLIANT,TC_2,PASS
REQ_ANDOR_MISSING_TC,TC_2,PASS
REQ_ANDOR_NONCOMPLIANT,TC_2,PASS
REQ_EXTRA_TICKOFFS,TC_2,PASS
REQ_SUB_2,TC_2,PASS
REQ_SUB_ANDOR,TC_2,PASS
SUMMARY, TC_2, PASS

Has been parsed by run_spec_cov.py script for total coverage
