Requirement,Testcase(s),Compliance
REQ_1,TC_1,COMPLIANT
REQ_2,TC_1 & TC_2,COMPLIANT
REQ_3,TC_1 & TC_3,COMPLIANT
REQ_4,TC_1 & TC_4 & TC_4_FAIL,COMPLIANT
REQ_5,TC_5,NOT_TESTED
REQ_6,TC_6,NOT_TESTED
REQ_7,TC_7,NOT_TESTED
REQ_88,TC_8,NOT_TESTED
REQ_9,TC_9,NOT_TESTED
REQ_10,TC_10,NOT_TESTED


