Requirement,Testcase,Compliance
REQ_9,TC_9,COMPLIANT
REQ_1,,NOT_TESTED
REQ_2,,NOT_TESTED
REQ_3,,NOT_TESTED
REQ_4,,NOT_TESTED
REQ_5,,NOT_TESTED
REQ_6,,NOT_TESTED
REQ_7,,NOT_TESTED
REQ_88,,NOT_TESTED
REQ_10,,NOT_TESTED


