Requirement,Testcase,Compliance
REQ_1,TC_1,NON_COMPLIANT
REQ_2,,NOT_TESTED
REQ_3,,NOT_TESTED
REQ_4,,NOT_TESTED
REQ_5,,NOT_TESTED
REQ_6,,NOT_TESTED
REQ_7,,NOT_TESTED
REQ_88,,NOT_TESTED
REQ_9,,NOT_TESTED
REQ_10,,NOT_TESTED


