Requirement,Testcase,Compliance
REQ_1,TC_1,COMPLIANT



Not listed requirement(s)
REQ_1
