Requirement,Testcase,Compliance
REQ_88,TC_8,COMPLIANT
REQ_8,TC_8,COMPLIANT
REQ_888,TC_8,COMPLIANT
REQ_1,,NOT_TESTED
REQ_2,,NOT_TESTED
REQ_3,,NOT_TESTED
REQ_4,,NOT_TESTED
REQ_5,,NOT_TESTED
REQ_6,,NOT_TESTED
REQ_7,,NOT_TESTED
REQ_9,,NOT_TESTED
REQ_10,,NOT_TESTED



Not listed requirement(s)
REQ_8
REQ_888
