Testcase,Requirement(s),Result
TC_SUB_REQ,UART_REQ_BR_A & UART_REQ_ODD & UART_REQ_EVEN,PASS
TC_5,UART_REQ_ODD,NOT_EXECUTED
TC_6,UART_REQ_ODD,NOT_EXECUTED
TC_1,UART_REQ_EVEN,NOT_EXECUTED
TC_2,UART_REQ_EVEN,NOT_EXECUTED
TC_3,UART_REQ_EVEN,NOT_EXECUTED
