Testcase,Requirement,Result
TC_10,REQ_10,PASS
TC_9,REQ_9,NOT_EXECUTED
TC_1,,NOT_EXECUTED
TC_2,,NOT_EXECUTED
TC_3,,NOT_EXECUTED
TC_4,,NOT_EXECUTED
TC_4_FAIL,,NOT_EXECUTED
TC_5,,NOT_EXECUTED
TC_6,,NOT_EXECUTED
TC_7,,NOT_EXECUTED
TC_8,,NOT_EXECUTED
