Testcase,Requirement,Result
TC_1,REQ_1,PASS
TC_2,REQ_2,NOT_EXECUTED
TC_3,REQ_3,NOT_EXECUTED
TC_4,REQ_4,NOT_EXECUTED
TC_4_FAIL,REQ_4,NOT_EXECUTED
TC_5,,NOT_EXECUTED
TC_6,,NOT_EXECUTED
TC_7,,NOT_EXECUTED
TC_8,,NOT_EXECUTED
TC_9,,NOT_EXECUTED
TC_10,,NOT_EXECUTED
