Testcase,Requirement,Result
TC_4,REQ_4,PASS
TC_4_FAIL,REQ_4,NOT_EXECUTED
TC_1,,NOT_EXECUTED
TC_2,,NOT_EXECUTED
TC_3,,NOT_EXECUTED
TC_5,,NOT_EXECUTED
TC_6,,NOT_EXECUTED
TC_7,,NOT_EXECUTED
TC_8,,NOT_EXECUTED
TC_9,,NOT_EXECUTED
TC_10,,NOT_EXECUTED
