Requirement,Testcase,Compliance
REQ_1A,TC_1,COMPLIANT
REQ_1B,TC_1,COMPLIANT
REQ_2A,TC_1,NON_COMPLIANT
REQ_2A,TC_2,NON_COMPLIANT
REQ_2B,TC_1,COMPLIANT
REQ_2B,TC_2,COMPLIANT



Requirement,Sub-Requirement(s),Compliance
REQ_1,REQ_1A & REQ_1B,COMPLIANT
REQ_2,REQ_2A & REQ_2B,NON_COMPLIANT
