Requirement,Covering testcases(minimum),Compliance
REQ_ERROR_BEFORE_TC,check *.req_non_compliance.csv,NOT_TESTED
REQ_ERROR_DURING_TC,check *.req_non_compliance.csv,NOT_TESTED
REQ_LIST_SINGLE_TICKOFF,check *.req_non_compliance.csv,NOT_TESTED
REQ_LIST_SINGLE_TICKOFF_PF,check *.req_non_compliance.csv,NOT_TESTED
REQ_COND_TICKOFF,TC_COND_TICKOFF,COMPLIANT
REQ_ALWAYS_TICKOFF,TC_COND_TICKOFF,COMPLIANT


