Testcase,Testcase status,Actual tickoffs,Missing tickoffs
TC_COND_TICKOFF,PASS,REQ_COND_TICKOFF & REQ_ALWAYS_TICKOFF,
TC_ERROR_BEFORE_TC,NOT_EXECUTED,,REQ_ERROR_BEFORE_TC
TC_ERROR_DURING_TC,NOT_EXECUTED,,REQ_ERROR_DURING_TC
TC_LIST_SINGLE_TICKOFF,NOT_EXECUTED,,REQ_LIST_SINGLE_TICKOFF & REQ_LIST_SINGLE_TICKOFF_PF
