Requirement,Testcase(s),Compliance
REQ_1,TC_1 ,COMPLIANT
REQ_2,TC_1 ,COMPLIANT
REQ_3,TC_1 TC_2 TC_3 TC_4 ,NOT_TESTED
REQ_4,TC_1 TC_2 TC_3 ,COMPLIANT



Requirement,Sub-Requirement(s)
