Requirement,Compliance status,Reason
REQ_ERROR_BEFORE_TC,NOT_TESTED,No requirement tickoffs
REQ_ERROR_DURING_TC,NOT_TESTED,No requirement tickoffs
REQ_LIST_SINGLE_TICKOFF,NOT_TESTED,No requirement tickoffs
REQ_LIST_SINGLE_TICKOFF_PF,NOT_TESTED,No requirement tickoffs


