Testcase,Requirement,Result
TC_1,REQ_1,PASS
TC_2,REQ_2,NOT_EXECUTED
TC_3,REQ_2,NOT_EXECUTED
TC_4,REQ_2,NOT_EXECUTED
