Requirement,Testcase,Compliance
REQ_1,TC_1,COMPLIANT
REQ_2,TC_1,TESTED_OK
REQ_2,TC_2,NOT_TESTED
REQ_2,TC_3,NOT_TESTED
REQ_2,TC_4,NOT_TESTED
REQ_3,TC_1,COMPLIANT
REQ_3,TC_2,COMPLIANT
REQ_3,TC_3,COMPLIANT
REQ_4,TC_1,COMPLIANT



Not listed requirement(s)
REQ_4
