Requirement,Compliance status,Reason
REQ_ERROR_BEFORE_TC,NOT_TESTED,No requirement tickoffs
REQ_ERROR_DURING_TC,NON_COMPLIANT,TC_ERROR_DURING_TC failed
REQ_LIST_SINGLE_TICKOFF,NOT_TESTED,No requirement tickoffs
REQ_LIST_SINGLE_TICKOFF_PF,NOT_TESTED,No requirement tickoffs
REQ_COND_TICKOFF,NOT_TESTED,No requirement tickoffs
REQ_ALWAYS_TICKOFF,NOT_TESTED,No requirement tickoffs


