Requirement,Covering testcases(minimum),Compliance
REQ_ERROR_BEFORE_TC,check *.req_non_compliance.csv,NON_COMPLIANT
REQ_ERROR_DURING_TC,check *.req_non_compliance.csv,NOT_TESTED
REQ_LIST_SINGLE_TICKOFF,check *.req_non_compliance.csv,NOT_TESTED
REQ_LIST_SINGLE_TICKOFF_PF,check *.req_non_compliance.csv,NOT_TESTED
REQ_COND_TICKOFF,check *.req_non_compliance.csv,NOT_TESTED
REQ_ALWAYS_TICKOFF,check *.req_non_compliance.csv,NOT_TESTED


