REQ_1 specified for testing through sub-requirements. Ticked off directly in TC_1
REQ_2A ticked off in non-specified testcase (TC_2)
REQ_2B ticked off in non-specified testcase (TC_2)
REQ_3 ticked off in non-specified testcase (TC_1)
REQ_1B ticked off in non-specified testcase (TC_1)
