REQ_1 not found in input requirement list (ticked off in TC_NO_REQ_FILE)
