Testcase,Requirement,Result
T_UART_DEFAULTS, FPGA_SPEC_1.a FPGA_SPEC_1.b FPGA_SPEC_1.c , PASS
T_UART_TX, FPGA_SPEC_2 , PASS
T_UART_RX, FPGA_SPEC_3 , PASS
T_UART_SIMULTANEOUS, FPGA_SPEC_4 , PASS



Testcase,Requirement,Result
T_UART_DEFAULTS, FPGA_SPEC_1.a, PASS
T_UART_TX, FPGA_SPEC_2, PASS
T_UART_RX, FPGA_SPEC_3, PASS
T_UART_SIMULTANEOUS, FPGA_SPEC_4, PASS
